Metric	Value
num_sequencing_reads	379428.0
num_enh	6181.0
num_genes	362.0
num_enh_gene_links	7218.0
num_genes_with_1_enh_min	362.0
mean_num_genes_per_enh	1.1677722051447985
mean_num_enh_per_gene	19.939226519337016
mean_num_enh_per_gene_no_prom	22.888513513513512
mean_log10_dist_to_tss	4.642519407982358
mean_enh_region_size	666.3703284258211
